Traceback (most recent call last):
  File "/home/codespace/.local/lib/python3.12/site-packages/jupyter_core/utils/__init__.py", line 154, in wrapped
    asyncio.get_running_loop()
RuntimeError: no running event loop

During handling of the above exception, another exception occurred:

Traceback (most recent call last):
  File "/usr/local/python/3.12.1/lib/python3.12/site-packages/jupyter_cache/executors/utils.py", line 58, in single_nb_execution
    executenb(
  File "/home/codespace/.local/lib/python3.12/site-packages/nbclient/client.py", line 1319, in execute
    return NotebookClient(nb=nb, resources=resources, km=km, **kwargs).execute()
           ^^^^^^^^^^^^^^^^^^^^^^^^^^^^^^^^^^^^^^^^^^^^^^^^^^^^^^^^^^^^^^^^^^^^^
  File "/home/codespace/.local/lib/python3.12/site-packages/jupyter_core/utils/__init__.py", line 158, in wrapped
    return loop.run_until_complete(inner)
           ^^^^^^^^^^^^^^^^^^^^^^^^^^^^^^
  File "/usr/local/python/3.12.1/lib/python3.12/asyncio/base_events.py", line 684, in run_until_complete
    return future.result()
           ^^^^^^^^^^^^^^^
  File "/home/codespace/.local/lib/python3.12/site-packages/nbclient/client.py", line 709, in async_execute
    await self.async_execute_cell(
  File "/home/codespace/.local/lib/python3.12/site-packages/nbclient/client.py", line 1062, in async_execute_cell
    await self._check_raise_for_error(cell, cell_index, exec_reply)
  File "/home/codespace/.local/lib/python3.12/site-packages/nbclient/client.py", line 918, in _check_raise_for_error
    raise CellExecutionError.from_cell_and_msg(cell, exec_reply_content)
nbclient.exceptions.CellExecutionError: An error occurred while executing the following cell:
------------------
# Import Library
import pandas as pd
import numpy as np
import matplotlib.pyplot as plt
import seaborn as sns
from scipy.io import arff
import warnings
warnings.filterwarnings('ignore')

# Setting
sns.set_style("whitegrid")
plt.rcParams['figure.figsize'] = (12, 6)

# Load Dataset
data, meta = arff.loadarff('dataset/CatsDogs_TRAIN.arff')
df = pd.DataFrame(data)

print("✓ Dataset berhasil dimuat!")
print(f"Shape: {df.shape}")
print(f"\nFirst 5 rows:")
print(df.head())
------------------


[31m---------------------------------------------------------------------------[39m
[31mFileNotFoundError[39m                         Traceback (most recent call last)
[36mCell[39m[36m [39m[32mIn[1][39m[32m, line 15[39m
[32m     12[39m plt.rcParams[[33m'[39m[33mfigure.figsize[39m[33m'[39m] = ([32m12[39m, [32m6[39m)
[32m     14[39m [38;5;66;03m# Load Dataset[39;00m
[32m---> [39m[32m15[39m data, meta = [43marff[49m[43m.[49m[43mloadarff[49m[43m([49m[33;43m'[39;49m[33;43mdataset/CatsDogs_TRAIN.arff[39;49m[33;43m'[39;49m[43m)[49m
[32m     16[39m df = pd.DataFrame(data)
[32m     18[39m [38;5;28mprint[39m([33m"[39m[33m✓ Dataset berhasil dimuat![39m[33m"[39m)

[36mFile [39m[32m~/.local/lib/python3.12/site-packages/scipy/io/arff/_arffread.py:802[39m, in [36mloadarff[39m[34m(f)[39m
[32m    800[39m     ofile = f
[32m    801[39m [38;5;28;01melse[39;00m:
[32m--> [39m[32m802[39m     ofile = [38;5;28;43mopen[39;49m[43m([49m[43mf[49m[43m)[49m
[32m    803[39m [38;5;28;01mtry[39;00m:
[32m    804[39m     [38;5;28;01mreturn[39;00m _loadarff(ofile)

[31mFileNotFoundError[39m: [Errno 2] No such file or directory: 'dataset/CatsDogs_TRAIN.arff'

