Traceback (most recent call last):
  File "/home/codespace/.local/lib/python3.12/site-packages/jupyter_core/utils/__init__.py", line 154, in wrapped
    asyncio.get_running_loop()
RuntimeError: no running event loop

During handling of the above exception, another exception occurred:

Traceback (most recent call last):
  File "/usr/local/python/3.12.1/lib/python3.12/site-packages/jupyter_cache/executors/utils.py", line 58, in single_nb_execution
    executenb(
  File "/home/codespace/.local/lib/python3.12/site-packages/nbclient/client.py", line 1319, in execute
    return NotebookClient(nb=nb, resources=resources, km=km, **kwargs).execute()
           ^^^^^^^^^^^^^^^^^^^^^^^^^^^^^^^^^^^^^^^^^^^^^^^^^^^^^^^^^^^^^^^^^^^^^
  File "/home/codespace/.local/lib/python3.12/site-packages/jupyter_core/utils/__init__.py", line 158, in wrapped
    return loop.run_until_complete(inner)
           ^^^^^^^^^^^^^^^^^^^^^^^^^^^^^^
  File "/usr/local/python/3.12.1/lib/python3.12/asyncio/base_events.py", line 684, in run_until_complete
    return future.result()
           ^^^^^^^^^^^^^^^
  File "/home/codespace/.local/lib/python3.12/site-packages/nbclient/client.py", line 709, in async_execute
    await self.async_execute_cell(
  File "/home/codespace/.local/lib/python3.12/site-packages/nbclient/client.py", line 1062, in async_execute_cell
    await self._check_raise_for_error(cell, cell_index, exec_reply)
  File "/home/codespace/.local/lib/python3.12/site-packages/nbclient/client.py", line 918, in _check_raise_for_error
    raise CellExecutionError.from_cell_and_msg(cell, exec_reply_content)
nbclient.exceptions.CellExecutionError: An error occurred while executing the following cell:
------------------
X_train, X_test, y_train, y_test = train_test_split(
    X_scaled, y, test_size=0.2, random_state=42, shuffle=True
)

print(f"Data latih: {X_train.shape[0]} sampel")
print(f"Data uji  : {X_test.shape[0]} sampel")

------------------


[31m---------------------------------------------------------------------------[39m
[31mNameError[39m                                 Traceback (most recent call last)
[36mCell[39m[36m [39m[32mIn[6][39m[32m, line 2[39m
[32m      1[39m X_train, X_test, y_train, y_test = train_test_split(
[32m----> [39m[32m2[39m     [43mX_scaled[49m, y, test_size=[32m0.2[39m, random_state=[32m42[39m, shuffle=[38;5;28;01mTrue[39;00m
[32m      3[39m )
[32m      5[39m [38;5;28mprint[39m([33mf[39m[33m"[39m[33mData latih: [39m[38;5;132;01m{[39;00mX_train.shape[[32m0[39m][38;5;132;01m}[39;00m[33m sampel[39m[33m"[39m)
[32m      6[39m [38;5;28mprint[39m([33mf[39m[33m"[39m[33mData uji  : [39m[38;5;132;01m{[39;00mX_test.shape[[32m0[39m][38;5;132;01m}[39;00m[33m sampel[39m[33m"[39m)

[31mNameError[39m: name 'X_scaled' is not defined

