Traceback (most recent call last):
  File "/home/codespace/.local/lib/python3.12/site-packages/jupyter_core/utils/__init__.py", line 154, in wrapped
    asyncio.get_running_loop()
RuntimeError: no running event loop

During handling of the above exception, another exception occurred:

Traceback (most recent call last):
  File "/usr/local/python/3.12.1/lib/python3.12/site-packages/jupyter_cache/executors/utils.py", line 58, in single_nb_execution
    executenb(
  File "/home/codespace/.local/lib/python3.12/site-packages/nbclient/client.py", line 1319, in execute
    return NotebookClient(nb=nb, resources=resources, km=km, **kwargs).execute()
           ^^^^^^^^^^^^^^^^^^^^^^^^^^^^^^^^^^^^^^^^^^^^^^^^^^^^^^^^^^^^^^^^^^^^^
  File "/home/codespace/.local/lib/python3.12/site-packages/jupyter_core/utils/__init__.py", line 158, in wrapped
    return loop.run_until_complete(inner)
           ^^^^^^^^^^^^^^^^^^^^^^^^^^^^^^
  File "/usr/local/python/3.12.1/lib/python3.12/asyncio/base_events.py", line 684, in run_until_complete
    return future.result()
           ^^^^^^^^^^^^^^^
  File "/home/codespace/.local/lib/python3.12/site-packages/nbclient/client.py", line 709, in async_execute
    await self.async_execute_cell(
  File "/home/codespace/.local/lib/python3.12/site-packages/nbclient/client.py", line 1062, in async_execute_cell
    await self._check_raise_for_error(cell, cell_index, exec_reply)
  File "/home/codespace/.local/lib/python3.12/site-packages/nbclient/client.py", line 918, in _check_raise_for_error
    raise CellExecutionError.from_cell_and_msg(cell, exec_reply_content)
nbclient.exceptions.CellExecutionError: An error occurred while executing the following cell:
------------------
WORKDIR = r"d:\Project Akhir PSD"

ARTIFACT_DATA = os.path.join(WORKDIR, 'data_processed.npz')
FIG_DIR = os.path.join(WORKDIR, 'figures')
os.makedirs(FIG_DIR, exist_ok=True)

data = np.load(ARTIFACT_DATA, allow_pickle=True)

X_train = data['X_train']
X_test  = data['X_test']
y_train = data['y_train']
y_test  = data['y_test']
label_classes = data['label_classes']

print("X_train:", X_train.shape)
print("X_test :", X_test.shape)
print("Classes:", label_classes)
------------------


[31m---------------------------------------------------------------------------[39m
[31mFileNotFoundError[39m                         Traceback (most recent call last)
[36mCell[39m[36m [39m[32mIn[2][39m[32m, line 7[39m
[32m      4[39m FIG_DIR = os.path.join(WORKDIR, [33m'[39m[33mfigures[39m[33m'[39m)
[32m      5[39m os.makedirs(FIG_DIR, exist_ok=[38;5;28;01mTrue[39;00m)
[32m----> [39m[32m7[39m data = [43mnp[49m[43m.[49m[43mload[49m[43m([49m[43mARTIFACT_DATA[49m[43m,[49m[43m [49m[43mallow_pickle[49m[43m=[49m[38;5;28;43;01mTrue[39;49;00m[43m)[49m
[32m      9[39m X_train = data[[33m'[39m[33mX_train[39m[33m'[39m]
[32m     10[39m X_test  = data[[33m'[39m[33mX_test[39m[33m'[39m]

[36mFile [39m[32m~/.local/lib/python3.12/site-packages/numpy/lib/_npyio_impl.py:454[39m, in [36mload[39m[34m(file, mmap_mode, allow_pickle, fix_imports, encoding, max_header_size)[39m
[32m    452[39m     own_fid = [38;5;28;01mFalse[39;00m
[32m    453[39m [38;5;28;01melse[39;00m:
[32m--> [39m[32m454[39m     fid = stack.enter_context([38;5;28;43mopen[39;49m[43m([49m[43mos[49m[43m.[49m[43mfspath[49m[43m([49m[43mfile[49m[43m)[49m[43m,[49m[43m [49m[33;43m"[39;49m[33;43mrb[39;49m[33;43m"[39;49m[43m)[49m)
[32m    455[39m     own_fid = [38;5;28;01mTrue[39;00m
[32m    457[39m [38;5;66;03m# Code to distinguish from NumPy binary files and pickles.[39;00m

[31mFileNotFoundError[39m: [Errno 2] No such file or directory: 'd:\\Project Akhir PSD/data_processed.npz'

